[22:29:36] [ServerMain/INFO]: [bootstrap] Running Java 21 (OpenJDK 64-Bit Server VM 21.0.6+7-Ubuntu-122.04.1; Ubuntu null) on Linux 6.8.0-1024-oracle (amd64)
[22:29:36] [ServerMain/INFO]: [bootstrap] Loading Paper 1.21.5-22-main@6c2b037 (2025-04-16T18:32:47Z) for Minecraft 1.21.5
[22:29:36] [ServerMain/INFO]: [PluginInitializerManager] Initializing plugins...
[22:29:37] [ServerMain/INFO]: [PluginInitializerManager] Initialized 1 plugin
[22:29:37] [ServerMain/INFO]: [PluginInitializerManager] Bukkit plugins (1):
 - SkinsRestorer (15.6.2)
[22:29:40] [ServerMain/INFO]: Environment: Environment[sessionHost=https://sessionserver.mojang.com, servicesHost=https://api.minecraftservices.com, name=PROD]
[22:29:41] [ServerMain/INFO]: Loaded 1373 recipes
[22:29:41] [ServerMain/INFO]: Loaded 1484 advancements
[22:29:41] [Server thread/INFO]: Starting minecraft server version 1.21.5
[22:29:41] [Server thread/INFO]: Loading properties
[22:29:41] [Server thread/INFO]: This server is running Paper version 1.21.5-22-main@6c2b037 (2025-04-16T18:32:47Z) (Implementing API version 1.21.5-R0.1-SNAPSHOT)
[22:29:41] [Server thread/INFO]: [spark] This server bundles the spark profiler. For more information please visit https://docs.papermc.io/paper/profiling
[22:29:42] [Server thread/INFO]: Server Ping Player Sample Count: 12
[22:29:42] [Server thread/INFO]: Using 4 threads for Netty based IO
[22:29:42] [Server thread/INFO]: [MoonriseCommon] Paper is using 3 worker threads, 1 I/O threads
[22:29:42] [Server thread/INFO]: [ChunkTaskScheduler] Chunk system is using population gen parallelism: true
[22:29:42] [Server thread/INFO]: Default game type: SURVIVAL
[22:29:42] [Server thread/INFO]: Generating keypair
[22:29:42] [Server thread/INFO]: Starting Minecraft server on *:25565
[22:29:42] [Server thread/INFO]: Using epoll channel type
[22:29:42] [Server thread/INFO]: Paper: Using libdeflate (Linux x86_64) compression from Velocity.
[22:29:42] [Server thread/INFO]: Paper: Using OpenSSL 3.x.x (Linux x86_64) cipher from Velocity.
[22:29:42] [Server thread/INFO]: [SkinsRestorer] Loading server plugin SkinsRestorer v15.6.2
[22:29:42] [Server thread/INFO]: Server permissions file permissions.yml is empty, ignoring it
[22:29:42] [Server thread/INFO]: [SkinsRestorer] Enabling SkinsRestorer v15.6.2
[22:29:43] [Server thread/WARN]: [SkinsRestorer] You must agree to the rules at 'commands.perSkinPermissionsConsent' in the config to use per skin permissions.
[22:29:43] [Server thread/INFO]: [SkinsRestorer] Running on Minecraft 1.21.5.
[22:29:43] [Server thread/INFO]: [SkinsRestorer] Using paper join listener!
[22:29:43] [Server thread/WARN]: **** SERVER IS RUNNING IN OFFLINE/INSECURE MODE!
[22:29:43] [Server thread/WARN]: The server will make no attempt to authenticate usernames. Beware.
[22:29:43] [Server thread/WARN]: While this makes the game possible to play without internet access, it also opens up the ability for hackers to connect with any username they choose.
[22:29:43] [Server thread/WARN]: To change this, set "online-mode" to "true" in the server.properties file.
[22:29:43] [Server thread/INFO]: Preparing level "world"
[22:29:44] [Folia Async Scheduler Thread #1/INFO]: [SkinsRestorer] ----------------------------------------------
[22:29:44] [Folia Async Scheduler Thread #1/INFO]: [SkinsRestorer]     +==================+
[22:29:44] [Folia Async Scheduler Thread #1/INFO]: [SkinsRestorer]     |   SkinsRestorer  |
[22:29:44] [Folia Async Scheduler Thread #1/INFO]: [SkinsRestorer]     |------------------|
[22:29:44] [Folia Async Scheduler Thread #1/INFO]: [SkinsRestorer]     |  Standalone Mode |
[22:29:44] [Folia Async Scheduler Thread #1/INFO]: [SkinsRestorer]     +==================+
[22:29:44] [Folia Async Scheduler Thread #1/INFO]: [SkinsRestorer] ----------------------------------------------
[22:29:44] [Folia Async Scheduler Thread #1/INFO]: [SkinsRestorer]     Version: 15.6.2
[22:29:44] [Folia Async Scheduler Thread #1/INFO]: [SkinsRestorer]     Commit: 7bda5de
[22:29:44] [Folia Async Scheduler Thread #1/INFO]: [SkinsRestorer]     This is the latest version!
[22:29:44] [Folia Async Scheduler Thread #1/INFO]: [SkinsRestorer] ----------------------------------------------
[22:29:44] [Folia Async Scheduler Thread #1/INFO]: [SkinsRestorer] Do you have issues? Read our troubleshooting guide: https://skinsrestorer.net/docs/troubleshooting
[22:29:44] [Folia Async Scheduler Thread #1/INFO]: [SkinsRestorer] Want to support SkinsRestorer? Consider donating: https://skinsrestorer.net/donate
[22:29:44] [Server thread/INFO]: Preparing start region for dimension minecraft:overworld
[22:29:44] [Server thread/INFO]: Preparing spawn area: 0%
[22:29:44] [Server thread/INFO]: Preparing spawn area: 0%
[22:29:44] [Server thread/INFO]: Time elapsed: 649 ms
[22:29:44] [Server thread/INFO]: [spark] Starting background profiler...
[22:29:45] [Server thread/INFO]: Done preparing level "world" (1.100s)
[22:29:45] [Server thread/INFO]: Running delayed init tasks
[22:29:45] [Server thread/INFO]: Done (9.146s)! For help, type "help"
